func main
	var x i64
	{
		set x = 92
		if (x > 40) {
			set x = (1 - x)
			return 60
		} else {
			return 1
		}
	}
