func main
	var x i64
	var a [2]i64
	{
		set x = 5
		set a = [
			1,
			2,
		]
		return <missing>
	}
tests_lower:41..42: error: index is non-integer type “*i64”
