func main
	var x void;
	{
		set x = <missing>;
	}
tests_lower:13..19: warning: unused variable
