func main
	var x i64;
	var y i64;
	var z i64;
	{
		set x = 10;
		set y = &x;
		set z = (*y + *&x);
	}
tests_lower:33..49: warning: unused variable
