func a
	var x i64;
	{
		set x = 10;
		<missing>
	}
tests_lower:20..28: error: cannot shadow existing variable
tests_lower:10..18: warning: unused variable
