func main
	var x i64
	var y i64
	var z i64
	{
		set x = 10
		set y = 20
		set z = x
	}
