func main
	var i i64
	var x i64
	var y i64
	var a i64
	{
		set i = 0
		while (i < 10)
			set i = (i + 1)
		set x = 0
		set y = 0
		set a = 0
		while (x < 100) {
			while (y < 100) {
				set a = (a + (x * y))
			}
		}
	}
