{
	IDENTIFIER 0..3
	IDENTIFIER 4..7
	IDENTIFIER 8..9
	IDENTIFIER 10..16
	IDENTIFIER 17..20
	IDENTIFIER 21..23
	IDENTIFIER 24..26
	IDENTIFIER 27..31
}
