{
	FUNC 0..4
	IDENTIFIER 5..10
	NUMBER 11..14
	FUNC 14..18
	IDENTIFIER 19..24
}
