{
	NUMBER 0..3
	NUMBER 4..7
	NUMBER 8..17
	NUMBER 18..19
}
