func main {
	return <missing>
}
tests_parse:19..20: error: expected expression
