func main {
	a := foo[<missing>]
}
tests_parse:22..23: error: missing index expression
