func main {
	var x = <missing>
}
tests_parse:20..21: error: missing expression
