func main {
	set x = <missing>
}
tests_parse:20..21: error: missing right-hand side of assignment
