func main {
	<missing>
	<missing>
}
tests_parse:13..14: error: invalid token “$”
tests_parse:13..14: error: expected statement but found unrecognized token
tests_parse:16..19: error: expected statement but found “var”
