func main {
	x := <missing>[10]
}
tests_parse:19..20: error: missing parenthesized expression
