func main {
	while (<missing>) {}
	while (<missing>)
		<missing>
}
tests_parse:20..21: error: missing while loop condition
tests_parse:33..34: error: missing while loop condition
tests_parse:33..34: error: missing “)”
tests_parse:33..34: error: missing while loop body
