func a {
	{
		{}
	}
}

func b {}
tests_parse:10..11: error: expected “}” but found “func”
tests_parse:10..11: error: expected “}” but found “func”
tests_parse:10..11: error: expected “}” but found “func”
