func main {
	address_of := &(foo)
	dereference := *(bar)
	mixed := *(*(&(*(&(baz)))))
	precedence := (*(x) + 1)
}
