func main {
	address_of := &(<missing>)
	return a
	dereference := *(<missing>)
	return a
}
tests_parse:28..29: error: missing expression
tests_parse:56..57: error: missing expression
