func main {
	var foo = 3
	var bar = foo
	set foo = 4
	set bar = (foo - 20)
}
