func main {
	<missing>
}
tests_parse:13..17: error: unmatched “else”
